// Vitest Snapshot v1, https://vitest.dev/guide/snapshot.html

exports[`Preference Resolvers > should resolve fashion preferences 1`] = `
[
  {
    "descriptor": "tall",
    "focusCategoryGroup": {
      "categoryId": 10,
      "categoryIds": [
        1,
        2,
        3,
      ],
      "gender": "men",
      "name": "Men's Pants",
      "type": "pants",
    },
    "leafCat": 1,
    "value": "large",
  },
  {
    "descriptor": undefined,
    "focusCategoryGroup": {
      "categoryId": 10,
      "categoryIds": [
        1,
        2,
        3,
      ],
      "gender": "men",
      "name": "Men's Pants",
      "type": "pants",
    },
    "leafCat": 1,
    "value": "medium",
  },
  {
    "descriptor": undefined,
    "focusCategoryGroup": {
      "categoryId": 10,
      "categoryIds": [
        1,
        2,
        3,
      ],
      "gender": "men",
      "name": "Men's Pants",
      "type": "pants",
    },
    "leafCat": 2,
    "value": "medium",
  },
  {
    "descriptor": undefined,
    "focusCategoryGroup": {
      "categoryId": 10,
      "categoryIds": [
        1,
        2,
        3,
      ],
      "gender": "men",
      "name": "Men's Pants",
      "type": "pants",
    },
    "leafCat": 3,
    "value": "small",
  },
  {
    "descriptor": "waist",
    "focusCategoryGroup": {
      "categoryId": 20,
      "categoryIds": [
        4,
        5,
        6,
        7,
        8,
      ],
      "gender": "women",
      "name": "Women's Pants",
      "type": "pants",
    },
    "leafCat": 4,
    "value": "32",
  },
  {
    "descriptor": "waist",
    "focusCategoryGroup": {
      "categoryId": 20,
      "categoryIds": [
        4,
        5,
        6,
        7,
        8,
      ],
      "gender": "women",
      "name": "Women's Pants",
      "type": "pants",
    },
    "leafCat": 5,
    "value": "34",
  },
  {
    "descriptor": "inseam",
    "focusCategoryGroup": {
      "categoryId": 20,
      "categoryIds": [
        4,
        5,
        6,
        7,
        8,
      ],
      "gender": "women",
      "name": "Women's Pants",
      "type": "pants",
    },
    "leafCat": 6,
    "value": "36",
  },
  {
    "descriptor": undefined,
    "focusCategoryGroup": {
      "categoryId": 20,
      "categoryIds": [
        4,
        5,
        6,
        7,
        8,
      ],
      "gender": "women",
      "name": "Women's Pants",
      "type": "pants",
    },
    "leafCat": 7,
    "value": "38",
  },
  {
    "descriptor": undefined,
    "focusCategoryGroup": {
      "categoryId": 30,
      "categoryIds": [
        9,
        10,
      ],
      "gender": "men",
      "name": "Men's Shirts",
      "type": "shirt",
    },
    "leafCat": 10,
    "value": "large",
  },
  {
    "descriptor": undefined,
    "focusCategoryGroup": {
      "categoryId": 30,
      "categoryIds": [
        9,
        10,
      ],
      "gender": "men",
      "name": "Men's Shirts",
      "type": "shirt",
    },
    "leafCat": 9,
    "value": "medium",
  },
  {
    "descriptor": undefined,
    "focusCategoryGroup": {
      "categoryId": 40,
      "categoryIds": [
        11,
      ],
      "gender": "all",
      "name": "Brands",
      "type": "brands",
    },
    "leafCat": 11,
    "value": "adidas",
  },
]
`;
